2025-09-16 13:55:43,667 - __main__ - INFO - Initializing AI and WebSocket performance monitoring...
2025-09-16 13:55:43,685 - __main__ - INFO - AI and WebSocket performance monitoring initialized
2025-09-16 13:55:43,695 - __main__ - INFO - Starting comprehensive AI and WebSocket performance analysis...
2025-09-16 13:55:43,695 - __main__ - INFO - Starting comprehensive AI and WebSocket performance analysis...
2025-09-16 13:55:43,700 - __main__ - INFO - Benchmarking AI models...
2025-09-16 13:55:43,700 - __main__ - INFO - Benchmarking lm_studio AI model...
2025-09-16 13:55:45,751 - __main__ - INFO - Successfully loaded lm_studio models in 2.05s
2025-09-16 13:55:47,791 - __main__ - WARNING - Inference failed for lm_studio: 404
2025-09-16 13:55:49,818 - __main__ - WARNING - Inference failed for lm_studio: 404
2025-09-16 13:55:51,865 - __main__ - WARNING - Inference failed for lm_studio: 404
2025-09-16 13:55:52,867 - __main__ - INFO - Testing WebSocket connections...
2025-09-16 13:55:52,868 - __main__ - INFO - Testing WebSocket connection to ws://localhost:8188/ws...
2025-09-16 13:55:52,915 - __main__ - WARNING - WebSocket connection failed: BaseEventLoop.create_connection() got an unexpected keyword argument 'timeout'
2025-09-16 13:55:52,916 - __main__ - WARNING - WebSocket connection failed: BaseEventLoop.create_connection() got an unexpected keyword argument 'timeout'
2025-09-16 13:55:52,917 - __main__ - WARNING - WebSocket connection failed: BaseEventLoop.create_connection() got an unexpected keyword argument 'timeout'
2025-09-16 13:55:52,919 - __main__ - INFO - Testing WebSocket connection to ws://localhost:5678/ws...
2025-09-16 13:55:52,920 - __main__ - WARNING - WebSocket connection failed: BaseEventLoop.create_connection() got an unexpected keyword argument 'timeout'
2025-09-16 13:55:52,921 - __main__ - WARNING - WebSocket connection failed: BaseEventLoop.create_connection() got an unexpected keyword argument 'timeout'
2025-09-16 13:55:52,921 - __main__ - WARNING - WebSocket connection failed: BaseEventLoop.create_connection() got an unexpected keyword argument 'timeout'
2025-09-16 13:55:52,922 - __main__ - INFO - Testing WebSocket connection to ws://localhost:8788/ws...
2025-09-16 13:55:52,923 - __main__ - WARNING - WebSocket connection failed: BaseEventLoop.create_connection() got an unexpected keyword argument 'timeout'
2025-09-16 13:55:52,924 - __main__ - WARNING - WebSocket connection failed: BaseEventLoop.create_connection() got an unexpected keyword argument 'timeout'
2025-09-16 13:55:52,925 - __main__ - WARNING - WebSocket connection failed: BaseEventLoop.create_connection() got an unexpected keyword argument 'timeout'
2025-09-16 13:55:52,926 - __main__ - INFO - Testing real-time performance...
2025-09-16 13:55:52,926 - __main__ - INFO - Testing real-time performance for comfyui...
