2025-09-16 13:49:24,531 - __main__ - INFO - Initializing performance monitoring...
2025-09-16 13:49:24,572 - __main__ - INFO - Performance monitoring initialized
2025-09-16 13:49:24,583 - __main__ - INFO - Starting performance profiling for 60 seconds...
2025-09-16 13:49:24,583 - __main__ - INFO - Starting comprehensive performance profile for 60 seconds...
2025-09-16 13:49:24,584 - __main__ - INFO - Running database performance tests...
2025-09-16 13:49:24,587 - __main__ - INFO - Running network performance tests...
2025-09-16 13:49:29,966 - __main__ - ERROR - Error measuring comfyui performance: HTTPConnectionPool(host='localhost', port=8188): Max retries exceeded with url: / (Caused by NewConnectionError('<urllib3.connection.HTTPConnection object at 0x0000021001345BD0>: Failed to establish a new connection: [WinError 10061] No connection could be made because the target machine actively refused it'))
2025-09-16 13:49:34,033 - __main__ - ERROR - Error measuring n8n performance: HTTPConnectionPool(host='localhost', port=5678): Max retries exceeded with url: /healthz (Caused by NewConnectionError('<urllib3.connection.HTTPConnection object at 0x000002100134DFD0>: Failed to establish a new connection: [WinError 10061] No connection could be made because the target machine actively refused it'))
2025-09-16 13:49:38,080 - __main__ - ERROR - Error measuring open_notebook performance: HTTPConnectionPool(host='localhost', port=8502): Max retries exceeded with url: /health (Caused by NewConnectionError('<urllib3.connection.HTTPConnection object at 0x0000021001362290>: Failed to establish a new connection: [WinError 10061] No connection could be made because the target machine actively refused it'))
2025-09-16 13:49:40,833 - __main__ - INFO - Running memory leak detection...
2025-09-16 13:49:41,890 - __main__ - INFO - Running concurrent performance tests...
2025-09-16 13:49:42,118 - __main__ - ERROR - Error measuring jupyter performance: HTTPConnectionPool(host='localhost', port=8889): Max retries exceeded with url: / (Caused by NewConnectionError('<urllib3.connection.HTTPConnection object at 0x000002100134FED0>: Failed to establish a new connection: [WinError 10061] No connection could be made because the target machine actively refused it'))
2025-09-16 13:49:42,212 - __main__ - INFO - Running AI performance benchmarks...
2025-09-16 13:49:46,173 - __main__ - ERROR - Error measuring open-webui performance: HTTPConnectionPool(host='localhost', port=8080): Max retries exceeded with url: / (Caused by NewConnectionError('<urllib3.connection.HTTPConnection object at 0x0000021001445C90>: Failed to establish a new connection: [WinError 10061] No connection could be made because the target machine actively refused it'))
2025-09-16 13:49:46,283 - __main__ - INFO - Running WebSocket performance tests...
2025-09-16 13:49:54,389 - __main__ - INFO - Running UI performance tests...
2025-09-16 13:49:56,280 - __main__ - ERROR - Error measuring comfyui performance: HTTPConnectionPool(host='localhost', port=8188): Max retries exceeded with url: / (Caused by NewConnectionError('<urllib3.connection.HTTPConnection object at 0x00000210013CE490>: Failed to establish a new connection: [WinError 10061] No connection could be made because the target machine actively refused it'))
2025-09-16 13:50:00,359 - __main__ - ERROR - Error measuring n8n performance: HTTPConnectionPool(host='localhost', port=5678): Max retries exceeded with url: /healthz (Caused by NewConnectionError('<urllib3.connection.HTTPConnection object at 0x00000210012F9250>: Failed to establish a new connection: [WinError 10061] No connection could be made because the target machine actively refused it'))
2025-09-16 13:50:04,424 - __main__ - ERROR - Error measuring open_notebook performance: HTTPConnectionPool(host='localhost', port=8502): Max retries exceeded with url: /health (Caused by NewConnectionError('<urllib3.connection.HTTPConnection object at 0x00000210013CDD50>: Failed to establish a new connection: [WinError 10061] No connection could be made because the target machine actively refused it'))
2025-09-16 13:50:08,476 - __main__ - ERROR - Error measuring jupyter performance: HTTPConnectionPool(host='localhost', port=8889): Max retries exceeded with url: / (Caused by NewConnectionError('<urllib3.connection.HTTPConnection object at 0x00000210013F6050>: Failed to establish a new connection: [WinError 10061] No connection could be made because the target machine actively refused it'))
2025-09-16 13:50:12,533 - __main__ - ERROR - Error measuring open-webui performance: HTTPConnectionPool(host='localhost', port=8080): Max retries exceeded with url: / (Caused by NewConnectionError('<urllib3.connection.HTTPConnection object at 0x00000210013F7A90>: Failed to establish a new connection: [WinError 10061] No connection could be made because the target machine actively refused it'))
2025-09-16 13:50:22,623 - __main__ - ERROR - Error measuring comfyui performance: HTTPConnectionPool(host='localhost', port=8188): Max retries exceeded with url: / (Caused by NewConnectionError('<urllib3.connection.HTTPConnection object at 0x00000210013CD010>: Failed to establish a new connection: [WinError 10061] No connection could be made because the target machine actively refused it'))
2025-09-16 13:50:26,684 - __main__ - ERROR - Error measuring n8n performance: HTTPConnectionPool(host='localhost', port=5678): Max retries exceeded with url: /healthz (Caused by NewConnectionError('<urllib3.connection.HTTPConnection object at 0x00000210013CD7D0>: Failed to establish a new connection: [WinError 10061] No connection could be made because the target machine actively refused it'))
2025-09-16 13:50:30,743 - __main__ - ERROR - Error measuring open_notebook performance: HTTPConnectionPool(host='localhost', port=8502): Max retries exceeded with url: /health (Caused by NewConnectionError('<urllib3.connection.HTTPConnection object at 0x00000210013F7910>: Failed to establish a new connection: [WinError 10061] No connection could be made because the target machine actively refused it'))
2025-09-16 13:50:34,795 - __main__ - ERROR - Error measuring jupyter performance: HTTPConnectionPool(host='localhost', port=8889): Max retries exceeded with url: / (Caused by NewConnectionError('<urllib3.connection.HTTPConnection object at 0x00000210013CF550>: Failed to establish a new connection: [WinError 10061] No connection could be made because the target machine actively refused it'))
2025-09-16 13:50:38,851 - __main__ - ERROR - Error measuring open-webui performance: HTTPConnectionPool(host='localhost', port=8080): Max retries exceeded with url: / (Caused by NewConnectionError('<urllib3.connection.HTTPConnection object at 0x00000210013CCD10>: Failed to establish a new connection: [WinError 10061] No connection could be made because the target machine actively refused it'))
2025-09-16 13:50:43,862 - __main__ - INFO - Performance profiling completed
2025-09-16 13:50:43,865 - __main__ - INFO - Performance results saved to C:\Users\Ryan\Desktop\DuckBot-Consolidated-v4.2\performance_results\performance_profile_20250916_135043.json
2025-09-16 13:50:43,865 - __main__ - ERROR - Performance profiling failed: Path.replace() takes 2 positional arguments but 3 were given
