2025-09-16 13:52:34,485 - __main__ - INFO - Starting comprehensive startup performance analysis...
2025-09-16 13:52:34,485 - __main__ - INFO - Starting comprehensive startup performance analysis...
2025-09-16 13:52:34,485 - __main__ - INFO - Analyzing service startup performance...
2025-09-16 13:52:34,485 - __main__ - INFO - Analyzing startup performance for comfyui...
2025-09-16 13:52:34,486 - __main__ - INFO - Resource monitoring started
2025-09-16 13:52:34,486 - __main__ - ERROR - ComfyUI not found in any standard location
2025-09-16 13:52:34,486 - __main__ - INFO - Analyzing startup performance for n8n...
2025-09-16 13:52:34,487 - __main__ - INFO - Resource monitoring started
2025-09-16 13:52:34,563 - __main__ - INFO - Starting n8n from: C:\Users\Ryan/AppData/Roaming/npm/n8n.cmd
2025-09-16 13:52:54,594 - __main__ - INFO - Resource monitoring stopped
2025-09-16 13:52:54,605 - __main__ - INFO - Analyzing startup performance for open_notebook...
2025-09-16 13:52:54,605 - __main__ - INFO - Resource monitoring started
2025-09-16 13:52:54,607 - __main__ - INFO - Starting open-notebook with: app_home.py
2025-09-16 13:53:19,662 - __main__ - INFO - Resource monitoring stopped
2025-09-16 13:53:19,670 - __main__ - INFO - Analyzing startup performance for jupyter...
2025-09-16 13:53:19,670 - __main__ - INFO - Resource monitoring started
2025-09-16 13:53:23,812 - __main__ - INFO - Starting Jupyter Notebook
2025-09-16 13:53:33,849 - __main__ - INFO - Resource monitoring stopped
2025-09-16 13:53:33,851 - __main__ - INFO - Analyzing startup performance for open_webui...
2025-09-16 13:53:33,852 - __main__ - INFO - Resource monitoring started
2025-09-16 13:53:34,827 - __main__ - ERROR - open-webui not installed or not in PATH
2025-09-16 13:53:34,828 - __main__ - INFO - Analyzing startup performance for duckbot...
2025-09-16 13:53:34,828 - __main__ - INFO - Resource monitoring started
2025-09-16 13:53:34,828 - __main__ - ERROR - DuckBot script not found
2025-09-16 13:53:34,828 - __main__ - INFO - Analyzing file I/O performance...
2025-09-16 13:53:34,830 - __main__ - INFO - Analyzing database performance...
2025-09-16 13:53:34,834 - __main__ - INFO - Comprehensive startup analysis completed
2025-09-16 13:53:34,835 - __main__ - INFO - Startup analysis results saved to C:\Users\Ryan\Desktop\DuckBot-Consolidated-v4.2\startup_analysis\startup_analysis_20250916_135334.json
2025-09-16 13:53:34,836 - __main__ - ERROR - Startup performance analysis failed: 'charmap' codec can't encode character '\u2717' in position 461: character maps to <undefined>
